main.c:65:6:modeSDA	32	static
main.c:74:6:delayUs	16	static
main.c:79:6:I2C_start	8	static
main.c:85:6:I2C_Stop	8	static
main.c:92:6:I2C_Send_Byte	24	static
main.c:115:6:I2C_Ack	8	static
main.c:125:6:I2C_NAck	8	static
main.c:136:9:I2C_Wait_Ack	16	static
main.c:154:9:I2C_Read_Byte	24	static
main.c:179:6:sendDataByI2C	8	static
main.c:191:6:readDataByI2C	16	static
main.c:200:6:HAL_I2C_SlaveRxCpltCallback	16	static
main.c:210:6:HAL_I2C_SlaveTxCpltCallback	16	static
main.c:229:5:main	8	static
main.c:290:6:SystemClock_Config	72	static
main.c:326:13:MX_I2C1_Init	8	static
main.c:360:13:MX_TIM2_Init	32	static
main.c:405:13:MX_GPIO_Init	32	static
main.c:433:6:Error_Handler	4	static
