Archive member included to satisfy reference by file (symbol)

c:/st/stm32cubeide_1.4.0/stm32cubeide/plugins/com.st.stm32cube.ide.mcu.externaltools.gnu-tools-for-stm32.7-2018-q2-update.win32_1.4.0.202007081208/tools/bin/../lib/gcc/arm-none-eabi/7.3.1/../../../../arm-none-eabi/lib/thumb/v7-m\libc_nano.a(lib_a-errno.o)
                              Core/Src/syscalls.o (__errno)
c:/st/stm32cubeide_1.4.0/stm32cubeide/plugins/com.st.stm32cube.ide.mcu.externaltools.gnu-tools-for-stm32.7-2018-q2-update.win32_1.4.0.202007081208/tools/bin/../lib/gcc/arm-none-eabi/7.3.1/../../../../arm-none-eabi/lib/thumb/v7-m\libc_nano.a(lib_a-exit.o)
                              c:/st/stm32cubeide_1.4.0/stm32cubeide/plugins/com.st.stm32cube.ide.mcu.externaltools.gnu-tools-for-stm32.7-2018-q2-update.win32_1.4.0.202007081208/tools/bin/../lib/gcc/arm-none-eabi/7.3.1/../../../../arm-none-eabi/lib/thumb/v7-m/crt0.o (exit)
c:/st/stm32cubeide_1.4.0/stm32cubeide/plugins/com.st.stm32cube.ide.mcu.externaltools.gnu-tools-for-stm32.7-2018-q2-update.win32_1.4.0.202007081208/tools/bin/../lib/gcc/arm-none-eabi/7.3.1/../../../../arm-none-eabi/lib/thumb/v7-m\libc_nano.a(lib_a-impure.o)
                              c:/st/stm32cubeide_1.4.0/stm32cubeide/plugins/com.st.stm32cube.ide.mcu.externaltools.gnu-tools-for-stm32.7-2018-q2-update.win32_1.4.0.202007081208/tools/bin/../lib/gcc/arm-none-eabi/7.3.1/../../../../arm-none-eabi/lib/thumb/v7-m\libc_nano.a(lib_a-exit.o) (_global_impure_ptr)
c:/st/stm32cubeide_1.4.0/stm32cubeide/plugins/com.st.stm32cube.ide.mcu.externaltools.gnu-tools-for-stm32.7-2018-q2-update.win32_1.4.0.202007081208/tools/bin/../lib/gcc/arm-none-eabi/7.3.1/../../../../arm-none-eabi/lib/thumb/v7-m\libc_nano.a(lib_a-init.o)
                              c:/st/stm32cubeide_1.4.0/stm32cubeide/plugins/com.st.stm32cube.ide.mcu.externaltools.gnu-tools-for-stm32.7-2018-q2-update.win32_1.4.0.202007081208/tools/bin/../lib/gcc/arm-none-eabi/7.3.1/../../../../arm-none-eabi/lib/thumb/v7-m/crt0.o (__libc_init_array)
c:/st/stm32cubeide_1.4.0/stm32cubeide/plugins/com.st.stm32cube.ide.mcu.externaltools.gnu-tools-for-stm32.7-2018-q2-update.win32_1.4.0.202007081208/tools/bin/../lib/gcc/arm-none-eabi/7.3.1/../../../../arm-none-eabi/lib/thumb/v7-m\libc_nano.a(lib_a-memset.o)
                              c:/st/stm32cubeide_1.4.0/stm32cubeide/plugins/com.st.stm32cube.ide.mcu.externaltools.gnu-tools-for-stm32.7-2018-q2-update.win32_1.4.0.202007081208/tools/bin/../lib/gcc/arm-none-eabi/7.3.1/../../../../arm-none-eabi/lib/thumb/v7-m/crt0.o (memset)

Allocating common symbols
Common symbol       size              file

hi2c1               0x54              Core/Src/main.o
uwTick              0x4               Drivers/STM32F1xx_HAL_Driver/Src/stm32f1xx_hal.o
pFlash              0x20              Drivers/STM32F1xx_HAL_Driver/Src/stm32f1xx_hal_flash.o
rx                  0xa               Core/Src/main.o
htim2               0x48              Core/Src/main.o

Discarded input sections

 .text          0x0000000000000000        0x0 c:/st/stm32cubeide_1.4.0/stm32cubeide/plugins/com.st.stm32cube.ide.mcu.externaltools.gnu-tools-for-stm32.7-2018-q2-update.win32_1.4.0.202007081208/tools/bin/../lib/gcc/arm-none-eabi/7.3.1/thumb/v7-m/crti.o
 .data          0x0000000000000000        0x0 c:/st/stm32cubeide_1.4.0/stm32cubeide/plugins/com.st.stm32cube.ide.mcu.externaltools.gnu-tools-for-stm32.7-2018-q2-update.win32_1.4.0.202007081208/tools/bin/../lib/gcc/arm-none-eabi/7.3.1/thumb/v7-m/crti.o
 .bss           0x0000000000000000        0x0 c:/st/stm32cubeide_1.4.0/stm32cubeide/plugins/com.st.stm32cube.ide.mcu.externaltools.gnu-tools-for-stm32.7-2018-q2-update.win32_1.4.0.202007081208/tools/bin/../lib/gcc/arm-none-eabi/7.3.1/thumb/v7-m/crti.o
 .data          0x0000000000000000        0x4 c:/st/stm32cubeide_1.4.0/stm32cubeide/plugins/com.st.stm32cube.ide.mcu.externaltools.gnu-tools-for-stm32.7-2018-q2-update.win32_1.4.0.202007081208/tools/bin/../lib/gcc/arm-none-eabi/7.3.1/thumb/v7-m/crtbegin.o
 .text          0x0000000000000000       0x74 c:/st/stm32cubeide_1.4.0/stm32cubeide/plugins/com.st.stm32cube.ide.mcu.externaltools.gnu-tools-for-stm32.7-2018-q2-update.win32_1.4.0.202007081208/tools/bin/../lib/gcc/arm-none-eabi/7.3.1/../../../../arm-none-eabi/lib/thumb/v7-m/crt0.o
 .data          0x0000000000000000        0x0 c:/st/stm32cubeide_1.4.0/stm32cubeide/plugins/com.st.stm32cube.ide.mcu.externaltools.gnu-tools-for-stm32.7-2018-q2-update.win32_1.4.0.202007081208/tools/bin/../lib/gcc/arm-none-eabi/7.3.1/../../../../arm-none-eabi/lib/thumb/v7-m/crt0.o
 .bss           0x0000000000000000        0x0 c:/st/stm32cubeide_1.4.0/stm32cubeide/plugins/com.st.stm32cube.ide.mcu.externaltools.gnu-tools-for-stm32.7-2018-q2-update.win32_1.4.0.202007081208/tools/bin/../lib/gcc/arm-none-eabi/7.3.1/../../../../arm-none-eabi/lib/thumb/v7-m/crt0.o
[...]
Memory Configuration

Name             Origin             Length             Attributes
RAM              0x0000000020000000 0x0000000000005000 xrw
FLASH            0x0000000008000000 0x0000000000010000 xr
*default*        0x0000000000000000 0xffffffffffffffff

Linker script and memory map

LOAD c:/st/stm32cubeide_1.4.0/stm32cubeide/plugins/com.st.stm32cube.ide.mcu.externaltools.gnu-tools-for-stm32.7-2018-q2-update.win32_1.4.0.202007081208/tools/bin/../lib/gcc/arm-none-eabi/7.3.1/thumb/v7-m/crti.o
LOAD c:/st/stm32cubeide_1.4.0/stm32cubeide/plugins/com.st.stm32cube.ide.mcu.externaltools.gnu-tools-for-stm32.7-2018-q2-update.win32_1.4.0.202007081208/tools/bin/../lib/gcc/arm-none-eabi/7.3.1/thumb/v7-m/crtbegin.o
LOAD c:/st/stm32cubeide_1.4.0/stm32cubeide/plugins/com.st.stm32cube.ide.mcu.externaltools.gnu-tools-for-stm32.7-2018-q2-update.win32_1.4.0.202007081208/tools/bin/../lib/gcc/arm-none-eabi/7.3.1/../../../../arm-none-eabi/lib/thumb/v7-m/crt0.o
LOAD Core/Src/main.o
LOAD Core/Src/stm32f1xx_hal_msp.o
LOAD Core/Src/stm32f1xx_it.o
LOAD Core/Src/syscalls.o
LOAD Core/Src/sysmem.o
LOAD Core/Src/system_stm32f1xx.o
LOAD Core/Startup/startup_stm32f103c8tx.o
LOAD Drivers/STM32F1xx_HAL_Driver/Src/stm32f1xx_hal.o
LOAD Drivers/STM32F1xx_HAL_Driver/Src/stm32f1xx_hal_cortex.o
LOAD Drivers/STM32F1xx_HAL_Driver/Src/stm32f1xx_hal_dma.o
LOAD Drivers/STM32F1xx_HAL_Driver/Src/stm32f1xx_hal_exti.o
LOAD Drivers/STM32F1xx_HAL_Driver/Src/stm32f1xx_hal_flash.o
LOAD Drivers/STM32F1xx_HAL_Driver/Src/stm32f1xx_hal_flash_ex.o
LOAD Drivers/STM32F1xx_HAL_Driver/Src/stm32f1xx_hal_gpio.o
LOAD Drivers/STM32F1xx_HAL_Driver/Src/stm32f1xx_hal_gpio_ex.o
LOAD Drivers/STM32F1xx_HAL_Driver/Src/stm32f1xx_hal_i2c.o
LOAD Drivers/STM32F1xx_HAL_Driver/Src/stm32f1xx_hal_pwr.o
LOAD Drivers/STM32F1xx_HAL_Driver/Src/stm32f1xx_hal_rcc.o
LOAD Drivers/STM32F1xx_HAL_Driver/Src/stm32f1xx_hal_rcc_ex.o
LOAD Drivers/STM32F1xx_HAL_Driver/Src/stm32f1xx_hal_tim.o
LOAD Drivers/STM32F1xx_HAL_Driver/Src/stm32f1xx_hal_tim_ex.o
START GROUP
LOAD c:/st/stm32cubeide_1.4.0/stm32cubeide/plugins/com.st.stm32cube.ide.mcu.externaltools.gnu-tools-for-stm32.7-2018-q2-update.win32_1.4.0.202007081208/tools/bin/../lib/gcc/arm-none-eabi/7.3.1/../../../../arm-none-eabi/lib/thumb/v7-m\libc_nano.a
LOAD c:/st/stm32cubeide_1.4.0/stm32cubeide/plugins/com.st.stm32cube.ide.mcu.externaltools.gnu-tools-for-stm32.7-2018-q2-update.win32_1.4.0.202007081208/tools/bin/../lib/gcc/arm-none-eabi/7.3.1/../../../../arm-none-eabi/lib/thumb/v7-m\libm.a
END GROUP
START GROUP
LOAD c:/st/stm32cubeide_1.4.0/stm32cubeide/plugins/com.st.stm32cube.ide.mcu.externaltools.gnu-tools-for-stm32.7-2018-q2-update.win32_1.4.0.202007081208/tools/bin/../lib/gcc/arm-none-eabi/7.3.1/thumb/v7-m\libgcc.a
LOAD c:/st/stm32cubeide_1.4.0/stm32cubeide/plugins/com.st.stm32cube.ide.mcu.externaltools.gnu-tools-for-stm32.7-2018-q2-update.win32_1.4.0.202007081208/tools/bin/../lib/gcc/arm-none-eabi/7.3.1/../../../../arm-none-eabi/lib/thumb/v7-m\libc_nano.a
END GROUP
START GROUP
LOAD c:/st/stm32cubeide_1.4.0/stm32cubeide/plugins/com.st.stm32cube.ide.mcu.externaltools.gnu-tools-for-stm32.7-2018-q2-update.win32_1.4.0.202007081208/tools/bin/../lib/gcc/arm-none-eabi/7.3.1/thumb/v7-m\libgcc.a
LOAD c:/st/stm32cubeide_1.4.0/stm32cubeide/plugins/com.st.stm32cube.ide.mcu.externaltools.gnu-tools-for-stm32.7-2018-q2-update.win32_1.4.0.202007081208/tools/bin/../lib/gcc/arm-none-eabi/7.3.1/../../../../arm-none-eabi/lib/thumb/v7-m\libc_nano.a
LOAD c:/st/stm32cubeide_1.4.0/stm32cubeide/plugins/com.st.stm32cube.ide.mcu.externaltools.gnu-tools-for-stm32.7-2018-q2-update.win32_1.4.0.202007081208/tools/bin/../lib/gcc/arm-none-eabi/7.3.1/../../../../arm-none-eabi/lib/thumb/v7-m\libnosys.a
END GROUP
START GROUP
LOAD c:/st/stm32cubeide_1.4.0/stm32cubeide/plugins/com.st.stm32cube.ide.mcu.externaltools.gnu-tools-for-stm32.7-2018-q2-update.win32_1.4.0.202007081208/tools/bin/../lib/gcc/arm-none-eabi/7.3.1/thumb/v7-m\libgcc.a
LOAD c:/st/stm32cubeide_1.4.0/stm32cubeide/plugins/com.st.stm32cube.ide.mcu.externaltools.gnu-tools-for-stm32.7-2018-q2-update.win32_1.4.0.202007081208/tools/bin/../lib/gcc/arm-none-eabi/7.3.1/../../../../arm-none-eabi/lib/thumb/v7-m\libc_nano.a
LOAD c:/st/stm32cubeide_1.4.0/stm32cubeide/plugins/com.st.stm32cube.ide.mcu.externaltools.gnu-tools-for-stm32.7-2018-q2-update.win32_1.4.0.202007081208/tools/bin/../lib/gcc/arm-none-eabi/7.3.1/../../../../arm-none-eabi/lib/thumb/v7-m\libnosys.a
END GROUP
LOAD c:/st/stm32cubeide_1.4.0/stm32cubeide/plugins/com.st.stm32cube.ide.mcu.externaltools.gnu-tools-for-stm32.7-2018-q2-update.win32_1.4.0.202007081208/tools/bin/../lib/gcc/arm-none-eabi/7.3.1/thumb/v7-m/crtend.o
LOAD c:/st/stm32cubeide_1.4.0/stm32cubeide/plugins/com.st.stm32cube.ide.mcu.externaltools.gnu-tools-for-stm32.7-2018-q2-update.win32_1.4.0.202007081208/tools/bin/../lib/gcc/arm-none-eabi/7.3.1/thumb/v7-m/crtn.o
                0x0000000020005000                _estack = (ORIGIN (RAM) + LENGTH (RAM))
                0x0000000000000200                _Min_Heap_Size = 0x200
                0x0000000000000400                _Min_Stack_Size = 0x400

.isr_vector     0x0000000008000000      0x10c
                0x0000000008000000                . = ALIGN (0x4)
 *(.isr_vector)
 .isr_vector    0x0000000008000000      0x10c Core/Startup/startup_stm32f103c8tx.o
                0x0000000008000000                g_pfnVectors
                0x000000000800010c                . = ALIGN (0x4)

.text           0x000000000800010c     0x3c18
                0x000000000800010c                . = ALIGN (0x4)
 *(.text)
 .text          0x000000000800010c       0x40 c:/st/stm32cubeide_1.4.0/stm32cubeide/plugins/com.st.stm32cube.ide.mcu.externaltools.gnu-tools-for-stm32.7-2018-q2-update.win32_1.4.0.202007081208/tools/bin/../lib/gcc/arm-none-eabi/7.3.1/thumb/v7-m/crtbegin.o
 *(.text*)
 .text.modeSDA  0x000000000800014c       0x48 Core/Src/main.o
                0x000000000800014c                modeSDA
 .text.delayUs  0x0000000008000194       0x30 Core/Src/main.o
                0x0000000008000194                delayUs
 .text.I2C_start
                0x00000000080001c4       0x48 Core/Src/main.o
                0x00000000080001c4                I2C_start
 .text.I2C_Stop
                0x000000000800020c       0x48 Core/Src/main.o
                0x000000000800020c                I2C_Stop
 .text.I2C_Send_Byte
                0x0000000008000254       0x80 Core/Src/main.o
                0x0000000008000254                I2C_Send_Byte
 .text.I2C_Wait_Ack
                0x00000000080002d4       0x68 Core/Src/main.o
                0x00000000080002d4                I2C_Wait_Ack
 .text.sendDataByI2C
                0x000000000800033c       0x70 Core/Src/main.o
                0x000000000800033c                sendDataByI2C
 .text.HAL_I2C_SlaveRxCpltCallback
                0x00000000080003ac       0x48 Core/Src/main.o
                0x00000000080003ac                HAL_I2C_SlaveRxCpltCallback
 .text.HAL_I2C_SlaveTxCpltCallback
                0x00000000080003f4       0x4c Core/Src/main.o
                0x00000000080003f4                HAL_I2C_SlaveTxCpltCallback
 .text.main     0x0000000008000440       0x48 Core/Src/main.o
                0x0000000008000440                main
 .text.SystemClock_Config
                0x0000000008000488       0x76 Core/Src/main.o
                0x0000000008000488                SystemClock_Config
 *fill*         0x00000000080004fe        0x2 
 .text.MX_I2C1_Init
                0x0000000008000500       0x5c Core/Src/main.o
 .text.MX_TIM2_Init
                0x000000000800055c       0x9c Core/Src/main.o
 .text.MX_GPIO_Init
                0x00000000080005f8       0x80 Core/Src/main.o
 .text.Error_Handler
                0x0000000008000678        0xc Core/Src/main.o
                0x0000000008000678                Error_Handler
 .text.HAL_MspInit
                0x0000000008000684       0x64 Core/Src/stm32f1xx_hal_msp.o
                0x0000000008000684                HAL_MspInit
 .text.HAL_I2C_MspInit
                0x00000000080006e8       0x9c Core/Src/stm32f1xx_hal_msp.o
                0x00000000080006e8                HAL_I2C_MspInit
 .text.HAL_TIM_Base_MspInit
                0x0000000008000784       0x48 Core/Src/stm32f1xx_hal_msp.o
                0x0000000008000784                HAL_TIM_Base_MspInit
 .text.NMI_Handler
                0x00000000080007cc        0xc Core/Src/stm32f1xx_it.o
                0x00000000080007cc                NMI_Handler
 .text.HardFault_Handler
                0x00000000080007d8        0x6 Core/Src/stm32f1xx_it.o
                0x00000000080007d8                HardFault_Handler
 .text.MemManage_Handler
                0x00000000080007de        0x6 Core/Src/stm32f1xx_it.o
                0x00000000080007de                MemManage_Handler
 .text.BusFault_Handler
                0x00000000080007e4        0x6 Core/Src/stm32f1xx_it.o
                0x00000000080007e4                BusFault_Handler
 .text.UsageFault_Handler
                0x00000000080007ea        0x6 Core/Src/stm32f1xx_it.o
                0x00000000080007ea                UsageFault_Handler
 .text.SVC_Handler
                0x00000000080007f0        0xc Core/Src/stm32f1xx_it.o
                0x00000000080007f0                SVC_Handler
 .text.DebugMon_Handler
                0x00000000080007fc        0xc Core/Src/stm32f1xx_it.o
                0x00000000080007fc                DebugMon_Handler
 .text.PendSV_Handler
                0x0000000008000808        0xc Core/Src/stm32f1xx_it.o
                0x0000000008000808                PendSV_Handler
 .text.SysTick_Handler
                0x0000000008000814        0xc Core/Src/stm32f1xx_it.o
                0x0000000008000814                SysTick_Handler
 .text.TIM2_IRQHandler
                0x0000000008000820       0x14 Core/Src/stm32f1xx_it.o
                0x0000000008000820                TIM2_IRQHandler
 .text.I2C1_EV_IRQHandler
                0x0000000008000834       0x14 Core/Src/stm32f1xx_it.o
                0x0000000008000834                I2C1_EV_IRQHandler
 .text.I2C1_ER_IRQHandler
                0x0000000008000848       0x14 Core/Src/stm32f1xx_it.o
                0x0000000008000848                I2C1_ER_IRQHandler
 .text.SystemInit
                0x000000000800085c        0xc Core/Src/system_stm32f1xx.o
                0x000000000800085c                SystemInit
 .text.Reset_Handler
                0x0000000008000868       0x48 Core/Startup/startup_stm32f103c8tx.o
                0x0000000008000868                Reset_Handler
 .text.Default_Handler
                0x00000000080008b0        0x2 Core/Startup/startup_stm32f103c8tx.o
                0x00000000080008b0                RTC_Alarm_IRQHandler
                0x00000000080008b0                EXTI2_IRQHandler
                0x00000000080008b0                TIM1_CC_IRQHandler
                0x00000000080008b0                PVD_IRQHandler
                0x00000000080008b0                EXTI3_IRQHandler
                0x00000000080008b0                EXTI0_IRQHandler
                0x00000000080008b0                I2C2_EV_IRQHandler
                0x00000000080008b0                ADC1_2_IRQHandler
                0x00000000080008b0                SPI1_IRQHandler
                0x00000000080008b0                TAMPER_IRQHandler
                0x00000000080008b0                DMA1_Channel4_IRQHandler
                0x00000000080008b0                USART3_IRQHandler
                0x00000000080008b0                RTC_IRQHandler
                0x00000000080008b0                DMA1_Channel7_IRQHandler
                0x00000000080008b0                CAN1_RX1_IRQHandler
                0x00000000080008b0                TIM4_IRQHandler
                0x00000000080008b0                DMA1_Channel6_IRQHandler
                0x00000000080008b0                TIM3_IRQHandler
                0x00000000080008b0                RCC_IRQHandler
                0x00000000080008b0                TIM1_TRG_COM_IRQHandler
                0x00000000080008b0                DMA1_Channel1_IRQHandler
                0x00000000080008b0                Default_Handler
                0x00000000080008b0                EXTI15_10_IRQHandler
                0x00000000080008b0                EXTI9_5_IRQHandler
                0x00000000080008b0                SPI2_IRQHandler
                0x00000000080008b0                DMA1_Channel5_IRQHandler
                0x00000000080008b0                EXTI4_IRQHandler
                0x00000000080008b0                USB_LP_CAN1_RX0_IRQHandler
                0x00000000080008b0                USB_HP_CAN1_TX_IRQHandler
                0x00000000080008b0                DMA1_Channel3_IRQHandler
                0x00000000080008b0                TIM1_UP_IRQHandler
                0x00000000080008b0                WWDG_IRQHandler
                0x00000000080008b0                TIM1_BRK_IRQHandler
                0x00000000080008b0                EXTI1_IRQHandler
                0x00000000080008b0                USART2_IRQHandler
                0x00000000080008b0                I2C2_ER_IRQHandler
                0x00000000080008b0                DMA1_Channel2_IRQHandler
                0x00000000080008b0                CAN1_SCE_IRQHandler
                0x00000000080008b0                FLASH_IRQHandler
                0x00000000080008b0                USART1_IRQHandler
                0x00000000080008b0                USBWakeUp_IRQHandler
 *fill*         0x00000000080008b2        0x2 
 .text.HAL_Init
                0x00000000080008b4       0x2c Drivers/STM32F1xx_HAL_Driver/Src/stm32f1xx_hal.o
                0x00000000080008b4                HAL_Init
 .text.HAL_InitTick
                0x00000000080008e0       0x60 Drivers/STM32F1xx_HAL_Driver/Src/stm32f1xx_hal.o
                0x00000000080008e0                HAL_InitTick
 .text.HAL_IncTick
                0x0000000008000940       0x24 Drivers/STM32F1xx_HAL_Driver/Src/stm32f1xx_hal.o
                0x0000000008000940                HAL_IncTick
 .text.HAL_GetTick
                0x0000000008000964       0x14 Drivers/STM32F1xx_HAL_Driver/Src/stm32f1xx_hal.o
                0x0000000008000964                HAL_GetTick
 .text.HAL_Delay
                0x0000000008000978       0x44 Drivers/STM32F1xx_HAL_Driver/Src/stm32f1xx_hal.o
                0x0000000008000978                HAL_Delay
 .text.__NVIC_SetPriorityGrouping
                0x00000000080009bc       0x48 Drivers/STM32F1xx_HAL_Driver/Src/stm32f1xx_hal_cortex.o
 .text.__NVIC_GetPriorityGrouping
                0x0000000008000a04       0x1c Drivers/STM32F1xx_HAL_Driver/Src/stm32f1xx_hal_cortex.o
 .text.__NVIC_EnableIRQ
                0x0000000008000a20       0x38 Drivers/STM32F1xx_HAL_Driver/Src/stm32f1xx_hal_cortex.o
 .text.__NVIC_SetPriority
                0x0000000008000a58       0x54 Drivers/STM32F1xx_HAL_Driver/Src/stm32f1xx_hal_cortex.o
 .text.NVIC_EncodePriority
                0x0000000008000aac       0x64 Drivers/STM32F1xx_HAL_Driver/Src/stm32f1xx_hal_cortex.o
 .text.SysTick_Config
                0x0000000008000b10       0x44 Drivers/STM32F1xx_HAL_Driver/Src/stm32f1xx_hal_cortex.o
 .text.HAL_NVIC_SetPriorityGrouping
                0x0000000008000b54       0x16 Drivers/STM32F1xx_HAL_Driver/Src/stm32f1xx_hal_cortex.o
                0x0000000008000b54                HAL_NVIC_SetPriorityGrouping
 .text.HAL_NVIC_SetPriority
                0x0000000008000b6a       0x38 Drivers/STM32F1xx_HAL_Driver/Src/stm32f1xx_hal_cortex.o
                0x0000000008000b6a                HAL_NVIC_SetPriority
 .text.HAL_NVIC_EnableIRQ
                0x0000000008000ba2       0x1c Drivers/STM32F1xx_HAL_Driver/Src/stm32f1xx_hal_cortex.o
                0x0000000008000ba2                HAL_NVIC_EnableIRQ
 .text.HAL_SYSTICK_Config
                0x0000000008000bbe       0x18 Drivers/STM32F1xx_HAL_Driver/Src/stm32f1xx_hal_cortex.o
                0x0000000008000bbe                HAL_SYSTICK_Config
 *fill*         0x0000000008000bd6        0x2 
 .text.HAL_DMA_Abort_IT
                0x0000000008000bd8       0xec Drivers/STM32F1xx_HAL_Driver/Src/stm32f1xx_hal_dma.o
                0x0000000008000bd8                HAL_DMA_Abort_IT
 .text.HAL_DMA_GetState
                0x0000000008000cc4       0x18 Drivers/STM32F1xx_HAL_Driver/Src/stm32f1xx_hal_dma.o
                0x0000000008000cc4                HAL_DMA_GetState
 .text.HAL_GPIO_Init
                0x0000000008000cdc      0x2b4 Drivers/STM32F1xx_HAL_Driver/Src/stm32f1xx_hal_gpio.o
                0x0000000008000cdc                HAL_GPIO_Init
 .text.HAL_GPIO_ReadPin
                0x0000000008000f90       0x2e Drivers/STM32F1xx_HAL_Driver/Src/stm32f1xx_hal_gpio.o
                0x0000000008000f90                HAL_GPIO_ReadPin
 .text.HAL_GPIO_WritePin
                0x0000000008000fbe       0x30 Drivers/STM32F1xx_HAL_Driver/Src/stm32f1xx_hal_gpio.o
                0x0000000008000fbe                HAL_GPIO_WritePin
 *fill*         0x0000000008000fee        0x2 
 .text.HAL_I2C_Init
                0x0000000008000ff0      0x270 Drivers/STM32F1xx_HAL_Driver/Src/stm32f1xx_hal_i2c.o
                0x0000000008000ff0                HAL_I2C_Init
 .text.HAL_I2C_Slave_Seq_Receive_IT
                0x0000000008001260       0xe4 Drivers/STM32F1xx_HAL_Driver/Src/stm32f1xx_hal_i2c.o
                0x0000000008001260                HAL_I2C_Slave_Seq_Receive_IT
 .text.HAL_I2C_EV_IRQHandler
                0x0000000008001344      0x2e2 Drivers/STM32F1xx_HAL_Driver/Src/stm32f1xx_hal_i2c.o
                0x0000000008001344                HAL_I2C_EV_IRQHandler
 .text.HAL_I2C_ER_IRQHandler
                0x0000000008001626      0x15e Drivers/STM32F1xx_HAL_Driver/Src/stm32f1xx_hal_i2c.o
                0x0000000008001626                HAL_I2C_ER_IRQHandler
 .text.HAL_I2C_MasterTxCpltCallback
                0x0000000008001784       0x12 Drivers/STM32F1xx_HAL_Driver/Src/stm32f1xx_hal_i2c.o
                0x0000000008001784                HAL_I2C_MasterTxCpltCallback
 .text.HAL_I2C_MasterRxCpltCallback
                0x0000000008001796       0x12 Drivers/STM32F1xx_HAL_Driver/Src/stm32f1xx_hal_i2c.o
                0x0000000008001796                HAL_I2C_MasterRxCpltCallback
 .text.HAL_I2C_AddrCallback
                0x00000000080017a8       0x1a Drivers/STM32F1xx_HAL_Driver/Src/stm32f1xx_hal_i2c.o
                0x00000000080017a8                HAL_I2C_AddrCallback
 .text.HAL_I2C_ListenCpltCallback
                0x00000000080017c2       0x12 Drivers/STM32F1xx_HAL_Driver/Src/stm32f1xx_hal_i2c.o
                0x00000000080017c2                HAL_I2C_ListenCpltCallback
 .text.HAL_I2C_MemTxCpltCallback
                0x00000000080017d4       0x12 Drivers/STM32F1xx_HAL_Driver/Src/stm32f1xx_hal_i2c.o
                0x00000000080017d4                HAL_I2C_MemTxCpltCallback
 .text.HAL_I2C_MemRxCpltCallback
                0x00000000080017e6       0x12 Drivers/STM32F1xx_HAL_Driver/Src/stm32f1xx_hal_i2c.o
                0x00000000080017e6                HAL_I2C_MemRxCpltCallback
 .text.HAL_I2C_ErrorCallback
                0x00000000080017f8       0x12 Drivers/STM32F1xx_HAL_Driver/Src/stm32f1xx_hal_i2c.o
                0x00000000080017f8                HAL_I2C_ErrorCallback
 .text.HAL_I2C_AbortCpltCallback
                0x000000000800180a       0x12 Drivers/STM32F1xx_HAL_Driver/Src/stm32f1xx_hal_i2c.o
                0x000000000800180a                HAL_I2C_AbortCpltCallback
 .text.I2C_MasterTransmit_TXE
                0x000000000800181c      0x138 Drivers/STM32F1xx_HAL_Driver/Src/stm32f1xx_hal_i2c.o
 .text.I2C_MasterTransmit_BTF
                0x0000000008001954       0xec Drivers/STM32F1xx_HAL_Driver/Src/stm32f1xx_hal_i2c.o
 .text.I2C_MemoryTransmit_TXE_BTF
                0x0000000008001a40      0x128 Drivers/STM32F1xx_HAL_Driver/Src/stm32f1xx_hal_i2c.o
 .text.I2C_MasterReceive_RXNE
                0x0000000008001b68      0x162 Drivers/STM32F1xx_HAL_Driver/Src/stm32f1xx_hal_i2c.o
 .text.I2C_MasterReceive_BTF
                0x0000000008001cca      0x1d4 Drivers/STM32F1xx_HAL_Driver/Src/stm32f1xx_hal_i2c.o
 .text.I2C_Master_SB
                0x0000000008001e9e      0x10a Drivers/STM32F1xx_HAL_Driver/Src/stm32f1xx_hal_i2c.o
 .text.I2C_Master_ADD10
                0x0000000008001fa8       0x52 Drivers/STM32F1xx_HAL_Driver/Src/stm32f1xx_hal_i2c.o
 .text.I2C_Master_ADDR
                0x0000000008001ffa      0x336 Drivers/STM32F1xx_HAL_Driver/Src/stm32f1xx_hal_i2c.o
 .text.I2C_SlaveTransmit_TXE
                0x0000000008002330       0x7a Drivers/STM32F1xx_HAL_Driver/Src/stm32f1xx_hal_i2c.o
 .text.I2C_SlaveTransmit_BTF
                0x00000000080023aa       0x40 Drivers/STM32F1xx_HAL_Driver/Src/stm32f1xx_hal_i2c.o
 .text.I2C_SlaveReceive_RXNE
                0x00000000080023ea       0x7c Drivers/STM32F1xx_HAL_Driver/Src/stm32f1xx_hal_i2c.o
 .text.I2C_SlaveReceive_BTF
                0x0000000008002466       0x42 Drivers/STM32F1xx_HAL_Driver/Src/stm32f1xx_hal_i2c.o
 .text.I2C_Slave_ADDR
                0x00000000080024a8       0x94 Drivers/STM32F1xx_HAL_Driver/Src/stm32f1xx_hal_i2c.o
 .text.I2C_Slave_STOPF
                0x000000000800253c      0x260 Drivers/STM32F1xx_HAL_Driver/Src/stm32f1xx_hal_i2c.o
 .text.I2C_Slave_AF
                0x000000000800279c       0xe0 Drivers/STM32F1xx_HAL_Driver/Src/stm32f1xx_hal_i2c.o
 .text.I2C_ITError
                0x000000000800287c      0x264 Drivers/STM32F1xx_HAL_Driver/Src/stm32f1xx_hal_i2c.o
 .text.I2C_DMAAbort
                0x0000000008002ae0      0x150 Drivers/STM32F1xx_HAL_Driver/Src/stm32f1xx_hal_i2c.o
 .text.I2C_WaitOnSTOPRequestThroughIT
                0x0000000008002c30       0x64 Drivers/STM32F1xx_HAL_Driver/Src/stm32f1xx_hal_i2c.o
 .text.I2C_ConvertOtherXferOptions
                0x0000000008002c94       0x34 Drivers/STM32F1xx_HAL_Driver/Src/stm32f1xx_hal_i2c.o
 .text.HAL_RCC_OscConfig
                0x0000000008002cc8      0x500 Drivers/STM32F1xx_HAL_Driver/Src/stm32f1xx_hal_rcc.o
                0x0000000008002cc8                HAL_RCC_OscConfig
 .text.HAL_RCC_ClockConfig
                0x00000000080031c8      0x1d4 Drivers/STM32F1xx_HAL_Driver/Src/stm32f1xx_hal_rcc.o
                0x00000000080031c8                HAL_RCC_ClockConfig
 .text.HAL_RCC_GetSysClockFreq
                0x000000000800339c       0xc4 Drivers/STM32F1xx_HAL_Driver/Src/stm32f1xx_hal_rcc.o
                0x000000000800339c                HAL_RCC_GetSysClockFreq
 .text.HAL_RCC_GetHCLKFreq
                0x0000000008003460       0x14 Drivers/STM32F1xx_HAL_Driver/Src/stm32f1xx_hal_rcc.o
                0x0000000008003460                HAL_RCC_GetHCLKFreq
 .text.HAL_RCC_GetPCLK1Freq
                0x0000000008003474       0x28 Drivers/STM32F1xx_HAL_Driver/Src/stm32f1xx_hal_rcc.o
                0x0000000008003474                HAL_RCC_GetPCLK1Freq
 .text.RCC_Delay
                0x000000000800349c       0x3c Drivers/STM32F1xx_HAL_Driver/Src/stm32f1xx_hal_rcc.o
 .text.HAL_TIM_Base_Init
                0x00000000080034d8       0x9e Drivers/STM32F1xx_HAL_Driver/Src/stm32f1xx_hal_tim.o
                0x00000000080034d8                HAL_TIM_Base_Init
 *fill*         0x0000000008003576        0x2 
 .text.HAL_TIM_Base_Start
                0x0000000008003578       0x94 Drivers/STM32F1xx_HAL_Driver/Src/stm32f1xx_hal_tim.o
                0x0000000008003578                HAL_TIM_Base_Start
 .text.HAL_TIM_IRQHandler
                0x000000000800360c      0x210 Drivers/STM32F1xx_HAL_Driver/Src/stm32f1xx_hal_tim.o
                0x000000000800360c                HAL_TIM_IRQHandler
 .text.HAL_TIM_ConfigClockSource
                0x000000000800381c      0x16e Drivers/STM32F1xx_HAL_Driver/Src/stm32f1xx_hal_tim.o
                0x000000000800381c                HAL_TIM_ConfigClockSource
 .text.HAL_TIM_PeriodElapsedCallback
                0x000000000800398a       0x12 Drivers/STM32F1xx_HAL_Driver/Src/stm32f1xx_hal_tim.o
                0x000000000800398a                HAL_TIM_PeriodElapsedCallback
 .text.HAL_TIM_OC_DelayElapsedCallback
                0x000000000800399c       0x12 Drivers/STM32F1xx_HAL_Driver/Src/stm32f1xx_hal_tim.o
                0x000000000800399c                HAL_TIM_OC_DelayElapsedCallback
 .text.HAL_TIM_IC_CaptureCallback
                0x00000000080039ae       0x12 Drivers/STM32F1xx_HAL_Driver/Src/stm32f1xx_hal_tim.o
                0x00000000080039ae                HAL_TIM_IC_CaptureCallback
 .text.HAL_TIM_PWM_PulseFinishedCallback
                0x00000000080039c0       0x12 Drivers/STM32F1xx_HAL_Driver/Src/stm32f1xx_hal_tim.o
                0x00000000080039c0                HAL_TIM_PWM_PulseFinishedCallback
 .text.HAL_TIM_TriggerCallback
                0x00000000080039d2       0x12 Drivers/STM32F1xx_HAL_Driver/Src/stm32f1xx_hal_tim.o
                0x00000000080039d2                HAL_TIM_TriggerCallback
 .text.TIM_Base_SetConfig
                0x00000000080039e4       0xc4 Drivers/STM32F1xx_HAL_Driver/Src/stm32f1xx_hal_tim.o
                0x00000000080039e4                TIM_Base_SetConfig
 .text.TIM_TI1_ConfigInputStage
                0x0000000008003aa8       0x5c Drivers/STM32F1xx_HAL_Driver/Src/stm32f1xx_hal_tim.o
 .text.TIM_TI2_ConfigInputStage
                0x0000000008003b04       0x5e Drivers/STM32F1xx_HAL_Driver/Src/stm32f1xx_hal_tim.o
 .text.TIM_ITRx_SetConfig
                0x0000000008003b62       0x34 Drivers/STM32F1xx_HAL_Driver/Src/stm32f1xx_hal_tim.o
 .text.TIM_ETR_SetConfig
                0x0000000008003b96       0x3e Drivers/STM32F1xx_HAL_Driver/Src/stm32f1xx_hal_tim.o
                0x0000000008003b96                TIM_ETR_SetConfig
 .text.HAL_TIMEx_MasterConfigSynchronization
                0x0000000008003bd4       0xbc Drivers/STM32F1xx_HAL_Driver/Src/stm32f1xx_hal_tim_ex.o
                0x0000000008003bd4                HAL_TIMEx_MasterConfigSynchronization
 .text.HAL_TIMEx_CommutCallback
                0x0000000008003c90       0x12 Drivers/STM32F1xx_HAL_Driver/Src/stm32f1xx_hal_tim_ex.o
                0x0000000008003c90                HAL_TIMEx_CommutCallback
 .text.HAL_TIMEx_BreakCallback
                0x0000000008003ca2       0x12 Drivers/STM32F1xx_HAL_Driver/Src/stm32f1xx_hal_tim_ex.o
                0x0000000008003ca2                HAL_TIMEx_BreakCallback
 .text.__libc_init_array
                0x0000000008003cb4       0x48 c:/st/stm32cubeide_1.4.0/stm32cubeide/plugins/com.st.stm32cube.ide.mcu.externaltools.gnu-tools-for-stm32.7-2018-q2-update.win32_1.4.0.202007081208/tools/bin/../lib/gcc/arm-none-eabi/7.3.1/../../../../arm-none-eabi/lib/thumb/v7-m\libc_nano.a(lib_a-init.o)
                0x0000000008003cb4                __libc_init_array
 .text.memset   0x0000000008003cfc       0x10 c:/st/stm32cubeide_1.4.0/stm32cubeide/plugins/com.st.stm32cube.ide.mcu.externaltools.gnu-tools-for-stm32.7-2018-q2-update.win32_1.4.0.202007081208/tools/bin/../lib/gcc/arm-none-eabi/7.3.1/../../../../arm-none-eabi/lib/thumb/v7-m\libc_nano.a(lib_a-memset.o)
                0x0000000008003cfc                memset
 *(.glue_7)
 .glue_7        0x0000000008003d0c        0x0 linker stubs
 *(.glue_7t)
 .glue_7t       0x0000000008003d0c        0x0 linker stubs
 *(.eh_frame)
 .eh_frame      0x0000000008003d0c        0x0 c:/st/stm32cubeide_1.4.0/stm32cubeide/plugins/com.st.stm32cube.ide.mcu.externaltools.gnu-tools-for-stm32.7-2018-q2-update.win32_1.4.0.202007081208/tools/bin/../lib/gcc/arm-none-eabi/7.3.1/thumb/v7-m/crtbegin.o
 *(.init)
 .init          0x0000000008003d0c        0x4 c:/st/stm32cubeide_1.4.0/stm32cubeide/plugins/com.st.stm32cube.ide.mcu.externaltools.gnu-tools-for-stm32.7-2018-q2-update.win32_1.4.0.202007081208/tools/bin/../lib/gcc/arm-none-eabi/7.3.1/thumb/v7-m/crti.o
                0x0000000008003d0c                _init
 .init          0x0000000008003d10        0x8 c:/st/stm32cubeide_1.4.0/stm32cubeide/plugins/com.st.stm32cube.ide.mcu.externaltools.gnu-tools-for-stm32.7-2018-q2-update.win32_1.4.0.202007081208/tools/bin/../lib/gcc/arm-none-eabi/7.3.1/thumb/v7-m/crtn.o
 *(.fini)
 .fini          0x0000000008003d18        0x4 c:/st/stm32cubeide_1.4.0/stm32cubeide/plugins/com.st.stm32cube.ide.mcu.externaltools.gnu-tools-for-stm32.7-2018-q2-update.win32_1.4.0.202007081208/tools/bin/../lib/gcc/arm-none-eabi/7.3.1/thumb/v7-m/crti.o
                0x0000000008003d18                _fini
 .fini          0x0000000008003d1c        0x8 c:/st/stm32cubeide_1.4.0/stm32cubeide/plugins/com.st.stm32cube.ide.mcu.externaltools.gnu-tools-for-stm32.7-2018-q2-update.win32_1.4.0.202007081208/tools/bin/../lib/gcc/arm-none-eabi/7.3.1/thumb/v7-m/crtn.o
                0x0000000008003d24                . = ALIGN (0x4)
                0x0000000008003d24                _etext = .

.vfp11_veneer   0x0000000008003d24        0x0
 .vfp11_veneer  0x0000000008003d24        0x0 linker stubs

.v4_bx          0x0000000008003d24        0x0
 .v4_bx         0x0000000008003d24        0x0 linker stubs

.iplt           0x0000000008003d24        0x0
 .iplt          0x0000000008003d24        0x0 c:/st/stm32cubeide_1.4.0/stm32cubeide/plugins/com.st.stm32cube.ide.mcu.externaltools.gnu-tools-for-stm32.7-2018-q2-update.win32_1.4.0.202007081208/tools/bin/../lib/gcc/arm-none-eabi/7.3.1/thumb/v7-m/crtbegin.o

.rodata         0x0000000008003d24       0x2c
                0x0000000008003d24                . = ALIGN (0x4)
 *(.rodata)
 .rodata        0x0000000008003d24       0x12 Drivers/STM32F1xx_HAL_Driver/Src/stm32f1xx_hal_rcc.o
 *(.rodata*)
 *fill*         0x0000000008003d36        0x2 
 .rodata.AHBPrescTable
                0x0000000008003d38       0x10 Core/Src/system_stm32f1xx.o
                0x0000000008003d38                AHBPrescTable
 .rodata.APBPrescTable
                0x0000000008003d48        0x8 Core/Src/system_stm32f1xx.o
                0x0000000008003d48                APBPrescTable
                0x0000000008003d50                . = ALIGN (0x4)

.rel.dyn        0x0000000008003d50        0x0
 .rel.iplt      0x0000000008003d50        0x0 c:/st/stm32cubeide_1.4.0/stm32cubeide/plugins/com.st.stm32cube.ide.mcu.externaltools.gnu-tools-for-stm32.7-2018-q2-update.win32_1.4.0.202007081208/tools/bin/../lib/gcc/arm-none-eabi/7.3.1/thumb/v7-m/crtbegin.o

.ARM.extab      0x0000000008003d50        0x0
                0x0000000008003d50                . = ALIGN (0x4)
 *(.ARM.extab* .gnu.linkonce.armextab.*)
                0x0000000008003d50                . = ALIGN (0x4)

.ARM            0x0000000008003d50        0x0
                0x0000000008003d50                . = ALIGN (0x4)
                0x0000000008003d50                __exidx_start = .
 *(.ARM.exidx*)
                0x0000000008003d50                __exidx_end = .
                0x0000000008003d50                . = ALIGN (0x4)

.preinit_array  0x0000000008003d50        0x0
                0x0000000008003d50                . = ALIGN (0x4)
                0x0000000008003d50                PROVIDE (__preinit_array_start = .)
 *(.preinit_array*)
                0x0000000008003d50                PROVIDE (__preinit_array_end = .)
                0x0000000008003d50                . = ALIGN (0x4)

.init_array     0x0000000008003d50        0x4
                0x0000000008003d50                . = ALIGN (0x4)
                0x0000000008003d50                PROVIDE (__init_array_start = .)
 *(SORT_BY_NAME(.init_array.*))
 *(.init_array*)
 .init_array    0x0000000008003d50        0x4 c:/st/stm32cubeide_1.4.0/stm32cubeide/plugins/com.st.stm32cube.ide.mcu.externaltools.gnu-tools-for-stm32.7-2018-q2-update.win32_1.4.0.202007081208/tools/bin/../lib/gcc/arm-none-eabi/7.3.1/thumb/v7-m/crtbegin.o
                0x0000000008003d54                PROVIDE (__init_array_end = .)
                0x0000000008003d54                . = ALIGN (0x4)

.fini_array     0x0000000008003d54        0x4
                0x0000000008003d54                . = ALIGN (0x4)
                [!provide]                        PROVIDE (__fini_array_start = .)
 *(SORT_BY_NAME(.fini_array.*))
 *(.fini_array*)
 .fini_array    0x0000000008003d54        0x4 c:/st/stm32cubeide_1.4.0/stm32cubeide/plugins/com.st.stm32cube.ide.mcu.externaltools.gnu-tools-for-stm32.7-2018-q2-update.win32_1.4.0.202007081208/tools/bin/../lib/gcc/arm-none-eabi/7.3.1/thumb/v7-m/crtbegin.o
                [!provide]                        PROVIDE (__fini_array_end = .)
                0x0000000008003d58                . = ALIGN (0x4)
                0x0000000008003d58                _sidata = LOADADDR (.data)

.data           0x0000000020000000       0x10 load address 0x0000000008003d58
                0x0000000020000000                . = ALIGN (0x4)
                0x0000000020000000                _sdata = .
 *(.data)
 *(.data*)
 .data.charr.6243
                0x0000000020000000        0x1 Core/Src/main.o
 *fill*         0x0000000020000001        0x3 
 .data.SystemCoreClock
                0x0000000020000004        0x4 Core/Src/system_stm32f1xx.o
                0x0000000020000004                SystemCoreClock
 .data.uwTickPrio
                0x0000000020000008        0x4 Drivers/STM32F1xx_HAL_Driver/Src/stm32f1xx_hal.o
                0x0000000020000008                uwTickPrio
 .data.uwTickFreq
                0x000000002000000c        0x1 Drivers/STM32F1xx_HAL_Driver/Src/stm32f1xx_hal.o
                0x000000002000000c                uwTickFreq
                0x0000000020000010                . = ALIGN (0x4)
 *fill*         0x000000002000000d        0x3 
                0x0000000020000010                _edata = .

.igot.plt       0x0000000020000010        0x0 load address 0x0000000008003d68
 .igot.plt      0x0000000020000010        0x0 c:/st/stm32cubeide_1.4.0/stm32cubeide/plugins/com.st.stm32cube.ide.mcu.externaltools.gnu-tools-for-stm32.7-2018-q2-update.win32_1.4.0.202007081208/tools/bin/../lib/gcc/arm-none-eabi/7.3.1/thumb/v7-m/crtbegin.o
                0x0000000020000010                . = ALIGN (0x4)

.bss            0x0000000020000010       0xcc load address 0x0000000008003d68
                0x0000000020000010                _sbss = .
                0x0000000020000010                __bss_start__ = _sbss
 *(.bss)
 .bss           0x0000000020000010       0x1c c:/st/stm32cubeide_1.4.0/stm32cubeide/plugins/com.st.stm32cube.ide.mcu.externaltools.gnu-tools-for-stm32.7-2018-q2-update.win32_1.4.0.202007081208/tools/bin/../lib/gcc/arm-none-eabi/7.3.1/thumb/v7-m/crtbegin.o
 *(.bss*)
 .bss.i2cSlaveRX
                0x000000002000002c        0x1 Core/Src/main.o
                0x000000002000002c                i2cSlaveRX
 *(COMMON)
 *fill*         0x000000002000002d        0x3 
 COMMON         0x0000000020000030       0xa8 Core/Src/main.o
                0x0000000020000030                hi2c1
                0x0000000020000084                rx
                0x0000000020000090                htim2
 COMMON         0x00000000200000d8        0x4 Drivers/STM32F1xx_HAL_Driver/Src/stm32f1xx_hal.o
                0x00000000200000d8                uwTick
                0x00000000200000dc                . = ALIGN (0x4)
                0x00000000200000dc                _ebss = .
                0x00000000200000dc                __bss_end__ = _ebss

._user_heap_stack
                0x00000000200000dc      0x604 load address 0x0000000008003d68
                0x00000000200000e0                . = ALIGN (0x8)
 *fill*         0x00000000200000dc        0x4 
                [!provide]                        PROVIDE (end = .)
                0x00000000200000e0                PROVIDE (_end = .)
                0x00000000200002e0                . = (. + _Min_Heap_Size)
 *fill*         0x00000000200000e0      0x200 
                0x00000000200006e0                . = (. + _Min_Stack_Size)
 *fill*         0x00000000200002e0      0x400 
                0x00000000200006e0                . = ALIGN (0x8)

/DISCARD/
 libc.a(*)
 libm.a(*)
 libgcc.a(*)

.ARM.attributes
                0x0000000000000000       0x29
 *(.ARM.attributes)
 .ARM.attributes
                0x0000000000000000       0x1d c:/st/stm32cubeide_1.4.0/stm32cubeide/plugins/com.st.stm32cube.ide.mcu.externaltools.gnu-tools-for-stm32.7-2018-q2-update.win32_1.4.0.202007081208/tools/bin/../lib/gcc/arm-none-eabi/7.3.1/thumb/v7-m/crti.o
 .ARM.attributes
                0x000000000000001d       0x2d c:/st/stm32cubeide_1.4.0/stm32cubeide/plugins/com.st.stm32cube.ide.mcu.externaltools.gnu-tools-for-stm32.7-2018-q2-update.win32_1.4.0.202007081208/tools/bin/../lib/gcc/arm-none-eabi/7.3.1/thumb/v7-m/crtbegin.o
 .ARM.attributes
                0x000000000000004a       0x33 Core/Src/main.o
 .ARM.attributes
                0x000000000000007d       0x33 Core/Src/stm32f1xx_hal_msp.o
 .ARM.attributes
                0x00000000000000b0       0x33 Core/Src/stm32f1xx_it.o
 .ARM.attributes
                0x00000000000000e3       0x33 Core/Src/system_stm32f1xx.o
 .ARM.attributes
                0x0000000000000116       0x21 Core/Startup/startup_stm32f103c8tx.o
 .ARM.attributes
                0x0000000000000137       0x33 Drivers/STM32F1xx_HAL_Driver/Src/stm32f1xx_hal.o
 .ARM.attributes
                0x000000000000016a       0x33 Drivers/STM32F1xx_HAL_Driver/Src/stm32f1xx_hal_cortex.o
 .ARM.attributes
                0x000000000000019d       0x33 Drivers/STM32F1xx_HAL_Driver/Src/stm32f1xx_hal_dma.o
 .ARM.attributes
                0x00000000000001d0       0x33 Drivers/STM32F1xx_HAL_Driver/Src/stm32f1xx_hal_gpio.o
 .ARM.attributes
                0x0000000000000203       0x33 Drivers/STM32F1xx_HAL_Driver/Src/stm32f1xx_hal_i2c.o
 .ARM.attributes
                0x0000000000000236       0x33 Drivers/STM32F1xx_HAL_Driver/Src/stm32f1xx_hal_rcc.o
 .ARM.attributes
                0x0000000000000269       0x33 Drivers/STM32F1xx_HAL_Driver/Src/stm32f1xx_hal_tim.o
 .ARM.attributes
                0x000000000000029c       0x33 Drivers/STM32F1xx_HAL_Driver/Src/stm32f1xx_hal_tim_ex.o
 .ARM.attributes
                0x00000000000002cf       0x2d c:/st/stm32cubeide_1.4.0/stm32cubeide/plugins/com.st.stm32cube.ide.mcu.externaltools.gnu-tools-for-stm32.7-2018-q2-update.win32_1.4.0.202007081208/tools/bin/../lib/gcc/arm-none-eabi/7.3.1/../../../../arm-none-eabi/lib/thumb/v7-m\libc_nano.a(lib_a-init.o)
 .ARM.attributes
                0x00000000000002fc       0x2d c:/st/stm32cubeide_1.4.0/stm32cubeide/plugins/com.st.stm32cube.ide.mcu.externaltools.gnu-tools-for-stm32.7-2018-q2-update.win32_1.4.0.202007081208/tools/bin/../lib/gcc/arm-none-eabi/7.3.1/../../../../arm-none-eabi/lib/thumb/v7-m\libc_nano.a(lib_a-memset.o)
 .ARM.attributes
                0x0000000000000329       0x1d c:/st/stm32cubeide_1.4.0/stm32cubeide/plugins/com.st.stm32cube.ide.mcu.externaltools.gnu-tools-for-stm32.7-2018-q2-update.win32_1.4.0.202007081208/tools/bin/../lib/gcc/arm-none-eabi/7.3.1/thumb/v7-m/crtn.o
OUTPUT(I2C.elf elf32-littlearm)

.debug_info     0x0000000000000000     0xb36f
 .debug_info    0x0000000000000000      0xf5f Core/Src/main.o
 .debug_info    0x0000000000000f5f      0xd7f Core/Src/stm32f1xx_hal_msp.o
 .debug_info    0x0000000000001cde      0xa0b Core/Src/stm32f1xx_it.o
 .debug_info    0x00000000000026e9      0x29a Core/Src/system_stm32f1xx.o
 .debug_info    0x0000000000002983       0x22 Core/Startup/startup_stm32f103c8tx.o
 .debug_info    0x00000000000029a5      0x714 Drivers/STM32F1xx_HAL_Driver/Src/stm32f1xx_hal.o
 .debug_info    0x00000000000030b9      0xb51 Drivers/STM32F1xx_HAL_Driver/Src/stm32f1xx_hal_cortex.o
 .debug_info    0x0000000000003c0a      0x7b1 Drivers/STM32F1xx_HAL_Driver/Src/stm32f1xx_hal_dma.o
 .debug_info    0x00000000000043bb      0x69b Drivers/STM32F1xx_HAL_Driver/Src/stm32f1xx_hal_gpio.o
 .debug_info    0x0000000000004a56     0x256e Drivers/STM32F1xx_HAL_Driver/Src/stm32f1xx_hal_i2c.o
 .debug_info    0x0000000000006fc4      0x80f Drivers/STM32F1xx_HAL_Driver/Src/stm32f1xx_hal_rcc.o
 .debug_info    0x00000000000077d3     0x27f1 Drivers/STM32F1xx_HAL_Driver/Src/stm32f1xx_hal_tim.o
 .debug_info    0x0000000000009fc4     0x13ab Drivers/STM32F1xx_HAL_Driver/Src/stm32f1xx_hal_tim_ex.o

.debug_abbrev   0x0000000000000000     0x1883
 .debug_abbrev  0x0000000000000000      0x2e2 Core/Src/main.o
 .debug_abbrev  0x00000000000002e2      0x1a6 Core/Src/stm32f1xx_hal_msp.o
 .debug_abbrev  0x0000000000000488      0x15a Core/Src/stm32f1xx_it.o
 .debug_abbrev  0x00000000000005e2      0x134 Core/Src/system_stm32f1xx.o
 .debug_abbrev  0x0000000000000716       0x12 Core/Startup/startup_stm32f103c8tx.o
 .debug_abbrev  0x0000000000000728      0x1c7 Drivers/STM32F1xx_HAL_Driver/Src/stm32f1xx_hal.o
 .debug_abbrev  0x00000000000008ef      0x2d5 Drivers/STM32F1xx_HAL_Driver/Src/stm32f1xx_hal_cortex.o
 .debug_abbrev  0x0000000000000bc4      0x1fe Drivers/STM32F1xx_HAL_Driver/Src/stm32f1xx_hal_dma.o
 .debug_abbrev  0x0000000000000dc2      0x1c0 Drivers/STM32F1xx_HAL_Driver/Src/stm32f1xx_hal_gpio.o
 .debug_abbrev  0x0000000000000f82      0x258 Drivers/STM32F1xx_HAL_Driver/Src/stm32f1xx_hal_i2c.o
 .debug_abbrev  0x00000000000011da      0x243 Drivers/STM32F1xx_HAL_Driver/Src/stm32f1xx_hal_rcc.o
 .debug_abbrev  0x000000000000141d      0x230 Drivers/STM32F1xx_HAL_Driver/Src/stm32f1xx_hal_tim.o
 .debug_abbrev  0x000000000000164d      0x236 Drivers/STM32F1xx_HAL_Driver/Src/stm32f1xx_hal_tim_ex.o

.debug_aranges  0x0000000000000000      0xcd8
 .debug_aranges
                0x0000000000000000       0xb0 Core/Src/main.o
 .debug_aranges
                0x00000000000000b0       0x40 Core/Src/stm32f1xx_hal_msp.o
 .debug_aranges
                0x00000000000000f0       0x78 Core/Src/stm32f1xx_it.o
 .debug_aranges
                0x0000000000000168       0x28 Core/Src/system_stm32f1xx.o
 .debug_aranges
                0x0000000000000190       0x28 Core/Startup/startup_stm32f103c8tx.o
 .debug_aranges
                0x00000000000001b8       0xe0 Drivers/STM32F1xx_HAL_Driver/Src/stm32f1xx_hal.o
 .debug_aranges
                0x0000000000000298      0x100 Drivers/STM32F1xx_HAL_Driver/Src/stm32f1xx_hal_cortex.o
 .debug_aranges
                0x0000000000000398       0x80 Drivers/STM32F1xx_HAL_Driver/Src/stm32f1xx_hal_dma.o
 .debug_aranges
                0x0000000000000418       0x58 Drivers/STM32F1xx_HAL_Driver/Src/stm32f1xx_hal_gpio.o
 .debug_aranges
                0x0000000000000470      0x2a0 Drivers/STM32F1xx_HAL_Driver/Src/stm32f1xx_hal_i2c.o
 .debug_aranges
                0x0000000000000710       0x90 Drivers/STM32F1xx_HAL_Driver/Src/stm32f1xx_hal_rcc.o
 .debug_aranges
                0x00000000000007a0      0x3d0 Drivers/STM32F1xx_HAL_Driver/Src/stm32f1xx_hal_tim.o
 .debug_aranges
                0x0000000000000b70      0x168 Drivers/STM32F1xx_HAL_Driver/Src/stm32f1xx_hal_tim_ex.o

.debug_ranges   0x0000000000000000      0xc38
 .debug_ranges  0x0000000000000000       0xa0 Core/Src/main.o
 .debug_ranges  0x00000000000000a0       0x30 Core/Src/stm32f1xx_hal_msp.o
 .debug_ranges  0x00000000000000d0       0x68 Core/Src/stm32f1xx_it.o
 .debug_ranges  0x0000000000000138       0x18 Core/Src/system_stm32f1xx.o
 .debug_ranges  0x0000000000000150       0x20 Core/Startup/startup_stm32f103c8tx.o
 .debug_ranges  0x0000000000000170       0xd0 Drivers/STM32F1xx_HAL_Driver/Src/stm32f1xx_hal.o
 .debug_ranges  0x0000000000000240       0xf0 Drivers/STM32F1xx_HAL_Driver/Src/stm32f1xx_hal_cortex.o
 .debug_ranges  0x0000000000000330       0x70 Drivers/STM32F1xx_HAL_Driver/Src/stm32f1xx_hal_dma.o
 .debug_ranges  0x00000000000003a0       0x48 Drivers/STM32F1xx_HAL_Driver/Src/stm32f1xx_hal_gpio.o
 .debug_ranges  0x00000000000003e8      0x2b8 Drivers/STM32F1xx_HAL_Driver/Src/stm32f1xx_hal_i2c.o
 .debug_ranges  0x00000000000006a0       0x80 Drivers/STM32F1xx_HAL_Driver/Src/stm32f1xx_hal_rcc.o
 .debug_ranges  0x0000000000000720      0x3c0 Drivers/STM32F1xx_HAL_Driver/Src/stm32f1xx_hal_tim.o
 .debug_ranges  0x0000000000000ae0      0x158 Drivers/STM32F1xx_HAL_Driver/Src/stm32f1xx_hal_tim_ex.o

.debug_macro    0x0000000000000000    0x16c00
 .debug_macro   0x0000000000000000      0x1b8 Core/Src/main.o
 .debug_macro   0x00000000000001b8      0xa5a Core/Src/main.o
 .debug_macro   0x0000000000000c12      0x21b Core/Src/main.o
 .debug_macro   0x0000000000000e2d       0x2e Core/Src/main.o
 .debug_macro   0x0000000000000e5b       0x22 Core/Src/main.o
 .debug_macro   0x0000000000000e7d       0x22 Core/Src/main.o
 .debug_macro   0x0000000000000e9f       0x8e Core/Src/main.o
 .debug_macro   0x0000000000000f2d       0x51 Core/Src/main.o
 .debug_macro   0x0000000000000f7e       0xef Core/Src/main.o
 .debug_macro   0x000000000000106d       0x6a Core/Src/main.o
 .debug_macro   0x00000000000010d7      0x1df Core/Src/main.o
 .debug_macro   0x00000000000012b6       0x1c Core/Src/main.o
 .debug_macro   0x00000000000012d2       0x22 Core/Src/main.o
 .debug_macro   0x00000000000012f4       0xc3 Core/Src/main.o
 .debug_macro   0x00000000000013b7      0xd23 Core/Src/main.o
 .debug_macro   0x00000000000020da     0xe09e Core/Src/main.o
 .debug_macro   0x0000000000010178       0x6d Core/Src/main.o
 .debug_macro   0x00000000000101e5     0x3468 Core/Src/main.o
 .debug_macro   0x000000000001364d      0x174 Core/Src/main.o
 .debug_macro   0x00000000000137c1       0x5c Core/Src/main.o
 .debug_macro   0x000000000001381d      0x5be Core/Src/main.o
 .debug_macro   0x0000000000013ddb      0x289 Core/Src/main.o
 .debug_macro   0x0000000000014064      0x1cb Core/Src/main.o
 .debug_macro   0x000000000001422f      0x114 Core/Src/main.o
 .debug_macro   0x0000000000014343      0x1b2 Core/Src/main.o
 .debug_macro   0x00000000000144f5       0x27 Core/Src/main.o
 .debug_macro   0x000000000001451c      0x136 Core/Src/main.o
 .debug_macro   0x0000000000014652      0x1bc Core/Src/main.o
 .debug_macro   0x000000000001480e       0x34 Core/Src/main.o
 .debug_macro   0x0000000000014842       0x3c Core/Src/main.o
 .debug_macro   0x000000000001487e       0x57 Core/Src/main.o
 .debug_macro   0x00000000000148d5       0x88 Core/Src/main.o
 .debug_macro   0x000000000001495d      0x241 Core/Src/main.o
 .debug_macro   0x0000000000014b9e      0x287 Core/Src/main.o
 .debug_macro   0x0000000000014e25      0x141 Core/Src/main.o
 .debug_macro   0x0000000000014f66      0x8d1 Core/Src/main.o
 .debug_macro   0x0000000000015837       0x83 Core/Src/main.o
 .debug_macro   0x00000000000158ba       0x34 Core/Src/main.o
 .debug_macro   0x00000000000158ee      0x1b2 Core/Src/stm32f1xx_hal_msp.o
 .debug_macro   0x0000000000015aa0      0x1bc Core/Src/stm32f1xx_it.o
 .debug_macro   0x0000000000015c5c      0x1a3 Core/Src/system_stm32f1xx.o
 .debug_macro   0x0000000000015dff      0x1c7 Drivers/STM32F1xx_HAL_Driver/Src/stm32f1xx_hal.o
 .debug_macro   0x0000000000015fc6      0x1a3 Drivers/STM32F1xx_HAL_Driver/Src/stm32f1xx_hal_cortex.o
 .debug_macro   0x0000000000016169      0x1a3 Drivers/STM32F1xx_HAL_Driver/Src/stm32f1xx_hal_dma.o
 .debug_macro   0x000000000001630c      0x20e Drivers/STM32F1xx_HAL_Driver/Src/stm32f1xx_hal_gpio.o
 .debug_macro   0x000000000001651a      0x1ea Drivers/STM32F1xx_HAL_Driver/Src/stm32f1xx_hal_i2c.o
 .debug_macro   0x0000000000016704      0x1b5 Drivers/STM32F1xx_HAL_Driver/Src/stm32f1xx_hal_rcc.o
 .debug_macro   0x00000000000168b9      0x1a4 Drivers/STM32F1xx_HAL_Driver/Src/stm32f1xx_hal_tim.o
 .debug_macro   0x0000000000016a5d      0x1a3 Drivers/STM32F1xx_HAL_Driver/Src/stm32f1xx_hal_tim_ex.o

.debug_line     0x0000000000000000     0x98f0
 .debug_line    0x0000000000000000      0x8c7 Core/Src/main.o
 .debug_line    0x00000000000008c7      0x6d4 Core/Src/stm32f1xx_hal_msp.o
 .debug_line    0x0000000000000f9b      0x750 Core/Src/stm32f1xx_it.o
 .debug_line    0x00000000000016eb      0x69e Core/Src/system_stm32f1xx.o
 .debug_line    0x0000000000001d89       0x87 Core/Startup/startup_stm32f103c8tx.o
 .debug_line    0x0000000000001e10      0x851 Drivers/STM32F1xx_HAL_Driver/Src/stm32f1xx_hal.o
 .debug_line    0x0000000000002661      0x928 Drivers/STM32F1xx_HAL_Driver/Src/stm32f1xx_hal_cortex.o
 .debug_line    0x0000000000002f89      0xab6 Drivers/STM32F1xx_HAL_Driver/Src/stm32f1xx_hal_dma.o
 .debug_line    0x0000000000003a3f      0x84d Drivers/STM32F1xx_HAL_Driver/Src/stm32f1xx_hal_gpio.o
 .debug_line    0x000000000000428c     0x1c63 Drivers/STM32F1xx_HAL_Driver/Src/stm32f1xx_hal_i2c.o
 .debug_line    0x0000000000005eef      0x911 Drivers/STM32F1xx_HAL_Driver/Src/stm32f1xx_hal_rcc.o
 .debug_line    0x0000000000006800     0x1faa Drivers/STM32F1xx_HAL_Driver/Src/stm32f1xx_hal_tim.o
 .debug_line    0x00000000000087aa     0x1146 Drivers/STM32F1xx_HAL_Driver/Src/stm32f1xx_hal_tim_ex.o

.debug_str      0x0000000000000000    0x86825
 .debug_str     0x0000000000000000    0x83807 Core/Src/main.o
                                      0x83c36 (size before relaxing)
 .debug_str     0x0000000000083807      0x316 Core/Src/stm32f1xx_hal_msp.o
                                      0x83c53 (size before relaxing)
 .debug_str     0x0000000000083b1d       0xf3 Core/Src/stm32f1xx_it.o
                                      0x8393d (size before relaxing)
 .debug_str     0x0000000000083c10       0x52 Core/Src/system_stm32f1xx.o
                                      0x830f4 (size before relaxing)
 .debug_str     0x0000000000083c62       0x36 Core/Startup/startup_stm32f103c8tx.o
                                         0xa5 (size before relaxing)
 .debug_str     0x0000000000083c98      0x304 Drivers/STM32F1xx_HAL_Driver/Src/stm32f1xx_hal.o
                                      0x83785 (size before relaxing)
 .debug_str     0x0000000000083f9c      0x300 Drivers/STM32F1xx_HAL_Driver/Src/stm32f1xx_hal_cortex.o
                                      0x8378d (size before relaxing)
 .debug_str     0x000000000008429c      0x235 Drivers/STM32F1xx_HAL_Driver/Src/stm32f1xx_hal_dma.o
                                      0x834cf (size before relaxing)
 .debug_str     0x00000000000844d1      0x31f Drivers/STM32F1xx_HAL_Driver/Src/stm32f1xx_hal_gpio.o
                                      0x834b8 (size before relaxing)
 .debug_str     0x00000000000847f0      0xb23 Drivers/STM32F1xx_HAL_Driver/Src/stm32f1xx_hal_i2c.o
                                      0x84130 (size before relaxing)
 .debug_str     0x0000000000085313      0x244 Drivers/STM32F1xx_HAL_Driver/Src/stm32f1xx_hal_rcc.o
                                      0x834f1 (size before relaxing)
 .debug_str     0x0000000000085557      0xde0 Drivers/STM32F1xx_HAL_Driver/Src/stm32f1xx_hal_tim.o
                                      0x844c3 (size before relaxing)
 .debug_str     0x0000000000086337      0x4ee Drivers/STM32F1xx_HAL_Driver/Src/stm32f1xx_hal_tim_ex.o
                                      0x83c74 (size before relaxing)

.comment        0x0000000000000000       0x7b
 .comment       0x0000000000000000       0x7b Core/Src/main.o
                                         0x7c (size before relaxing)
 .comment       0x000000000000007b       0x7c Core/Src/stm32f1xx_hal_msp.o
 .comment       0x000000000000007b       0x7c Core/Src/stm32f1xx_it.o
 .comment       0x000000000000007b       0x7c Core/Src/system_stm32f1xx.o
 .comment       0x000000000000007b       0x7c Drivers/STM32F1xx_HAL_Driver/Src/stm32f1xx_hal.o
 .comment       0x000000000000007b       0x7c Drivers/STM32F1xx_HAL_Driver/Src/stm32f1xx_hal_cortex.o
 .comment       0x000000000000007b       0x7c Drivers/STM32F1xx_HAL_Driver/Src/stm32f1xx_hal_dma.o
 .comment       0x000000000000007b       0x7c Drivers/STM32F1xx_HAL_Driver/Src/stm32f1xx_hal_gpio.o
 .comment       0x000000000000007b       0x7c Drivers/STM32F1xx_HAL_Driver/Src/stm32f1xx_hal_i2c.o
 .comment       0x000000000000007b       0x7c Drivers/STM32F1xx_HAL_Driver/Src/stm32f1xx_hal_rcc.o
 .comment       0x000000000000007b       0x7c Drivers/STM32F1xx_HAL_Driver/Src/stm32f1xx_hal_tim.o
 .comment       0x000000000000007b       0x7c Drivers/STM32F1xx_HAL_Driver/Src/stm32f1xx_hal_tim_ex.o

.debug_frame    0x0000000000000000     0x366c
 .debug_frame   0x0000000000000000      0x288 Core/Src/main.o
 .debug_frame   0x0000000000000288       0xc8 Core/Src/stm32f1xx_hal_msp.o
 .debug_frame   0x0000000000000350      0x160 Core/Src/stm32f1xx_it.o
 .debug_frame   0x00000000000004b0       0x58 Core/Src/system_stm32f1xx.o
 .debug_frame   0x0000000000000508      0x334 Drivers/STM32F1xx_HAL_Driver/Src/stm32f1xx_hal.o
 .debug_frame   0x000000000000083c      0x428 Drivers/STM32F1xx_HAL_Driver/Src/stm32f1xx_hal_cortex.o
 .debug_frame   0x0000000000000c64      0x208 Drivers/STM32F1xx_HAL_Driver/Src/stm32f1xx_hal_dma.o
 .debug_frame   0x0000000000000e6c      0x14c Drivers/STM32F1xx_HAL_Driver/Src/stm32f1xx_hal_gpio.o
 .debug_frame   0x0000000000000fb8      0xc5c Drivers/STM32F1xx_HAL_Driver/Src/stm32f1xx_hal_i2c.o
 .debug_frame   0x0000000000001c14      0x21c Drivers/STM32F1xx_HAL_Driver/Src/stm32f1xx_hal_rcc.o
 .debug_frame   0x0000000000001e30     0x11b8 Drivers/STM32F1xx_HAL_Driver/Src/stm32f1xx_hal_tim.o
 .debug_frame   0x0000000000002fe8      0x638 Drivers/STM32F1xx_HAL_Driver/Src/stm32f1xx_hal_tim_ex.o
 .debug_frame   0x0000000000003620       0x2c c:/st/stm32cubeide_1.4.0/stm32cubeide/plugins/com.st.stm32cube.ide.mcu.externaltools.gnu-tools-for-stm32.7-2018-q2-update.win32_1.4.0.202007081208/tools/bin/../lib/gcc/arm-none-eabi/7.3.1/../../../../arm-none-eabi/lib/thumb/v7-m\libc_nano.a(lib_a-init.o)
 .debug_frame   0x000000000000364c       0x20 c:/st/stm32cubeide_1.4.0/stm32cubeide/plugins/com.st.stm32cube.ide.mcu.externaltools.gnu-tools-for-stm32.7-2018-q2-update.win32_1.4.0.202007081208/tools/bin/../lib/gcc/arm-none-eabi/7.3.1/../../../../arm-none-eabi/lib/thumb/v7-m\libc_nano.a(lib_a-memset.o)
